// Jest Snapshot v1, https://goo.gl/fbAQLP

exports[`Header renders without crashing 1`] = `
ShallowWrapper {
  Symbol(enzyme.__root__): [Circular],
  Symbol(enzyme.__unrendered__): <Header
    isNavbarOpen={true}
    toggleNavbarMenu={[Function]}
  />,
  Symbol(enzyme.__renderer__): Object {
    "batchedUpdates": [Function],
    "checkPropTypes": [Function],
    "getNode": [Function],
    "render": [Function],
    "simulateError": [Function],
    "simulateEvent": [Function],
    "unmount": [Function],
  },
  Symbol(enzyme.__node__): Object {
    "instance": null,
    "key": undefined,
    "nodeType": "class",
    "props": Object {
      "children": Array [
        <Blueprint3.NavbarGroup
          align="left"
        >
          <Blueprint3.NavbarHeading
            onClick={[Function]}
          >
            Advertly
          </Blueprint3.NavbarHeading>
        </Blueprint3.NavbarGroup>,
        <Blueprint3.NavbarGroup
          align="right"
        >
          <Blueprint3.Button
            className="bp3-minimal"
            icon="home"
            onClick={[Function]}
            text="Home"
          />
          <Blueprint3.Button
            className="bp3-minimal"
            icon="people"
            onClick={[Function]}
            text="Users"
          />
          <Blueprint3.Popover
            boundary="scrollParent"
            captureDismiss={false}
            content={
              <Blueprint3.Menu>
                <Blueprint3.MenuItem
                  disabled={false}
                  multiline={false}
                  onClick={[Function]}
                  popoverProps={Object {}}
                  shouldDismissPopover={true}
                  text="Register"
                />
                <Blueprint3.MenuItem
                  disabled={false}
                  multiline={false}
                  onClick={[Function]}
                  popoverProps={Object {}}
                  shouldDismissPopover={true}
                  text="Log In"
                />
              </Blueprint3.Menu>
            }
            defaultIsOpen={false}
            disabled={false}
            hasBackdrop={false}
            hoverCloseDelay={300}
            hoverOpenDelay={150}
            inheritDarkTheme={true}
            interactionKind="click"
            minimal={false}
            modifiers={Object {}}
            openOnTargetFocus={true}
            position="bottom"
            targetTagName="span"
            transitionDuration={300}
            usePortal={true}
            wrapperTagName="span"
          >
            <Blueprint3.Button
              className="bp3-minimal"
              icon="user"
              text="Guest"
            />
          </Blueprint3.Popover>
        </Blueprint3.NavbarGroup>,
      ],
    },
    "ref": null,
    "rendered": Array [
      Object {
        "instance": null,
        "key": undefined,
        "nodeType": "class",
        "props": Object {
          "align": "left",
          "children": <Blueprint3.NavbarHeading
            onClick={[Function]}
          >
            Advertly
          </Blueprint3.NavbarHeading>,
        },
        "ref": null,
        "rendered": Object {
          "instance": null,
          "key": undefined,
          "nodeType": "class",
          "props": Object {
            "children": "Advertly",
            "onClick": [Function],
          },
          "ref": null,
          "rendered": "Advertly",
          "type": [Function],
        },
        "type": [Function],
      },
      Object {
        "instance": null,
        "key": undefined,
        "nodeType": "class",
        "props": Object {
          "align": "right",
          "children": Array [
            <Blueprint3.Button
              className="bp3-minimal"
              icon="home"
              onClick={[Function]}
              text="Home"
            />,
            <Blueprint3.Button
              className="bp3-minimal"
              icon="people"
              onClick={[Function]}
              text="Users"
            />,
            <Blueprint3.Popover
              boundary="scrollParent"
              captureDismiss={false}
              content={
                <Blueprint3.Menu>
                  <Blueprint3.MenuItem
                    disabled={false}
                    multiline={false}
                    onClick={[Function]}
                    popoverProps={Object {}}
                    shouldDismissPopover={true}
                    text="Register"
                  />
                  <Blueprint3.MenuItem
                    disabled={false}
                    multiline={false}
                    onClick={[Function]}
                    popoverProps={Object {}}
                    shouldDismissPopover={true}
                    text="Log In"
                  />
                </Blueprint3.Menu>
              }
              defaultIsOpen={false}
              disabled={false}
              hasBackdrop={false}
              hoverCloseDelay={300}
              hoverOpenDelay={150}
              inheritDarkTheme={true}
              interactionKind="click"
              minimal={false}
              modifiers={Object {}}
              openOnTargetFocus={true}
              position="bottom"
              targetTagName="span"
              transitionDuration={300}
              usePortal={true}
              wrapperTagName="span"
            >
              <Blueprint3.Button
                className="bp3-minimal"
                icon="user"
                text="Guest"
              />
            </Blueprint3.Popover>,
          ],
        },
        "ref": null,
        "rendered": Array [
          Object {
            "instance": null,
            "key": undefined,
            "nodeType": "class",
            "props": Object {
              "className": "bp3-minimal",
              "icon": "home",
              "onClick": [Function],
              "text": "Home",
            },
            "ref": null,
            "rendered": null,
            "type": [Function],
          },
          Object {
            "instance": null,
            "key": undefined,
            "nodeType": "class",
            "props": Object {
              "className": "bp3-minimal",
              "icon": "people",
              "onClick": [Function],
              "text": "Users",
            },
            "ref": null,
            "rendered": null,
            "type": [Function],
          },
          Object {
            "instance": null,
            "key": undefined,
            "nodeType": "class",
            "props": Object {
              "boundary": "scrollParent",
              "captureDismiss": false,
              "children": <Blueprint3.Button
                className="bp3-minimal"
                icon="user"
                text="Guest"
              />,
              "content": <Blueprint3.Menu>
                <Blueprint3.MenuItem
                  disabled={false}
                  multiline={false}
                  onClick={[Function]}
                  popoverProps={Object {}}
                  shouldDismissPopover={true}
                  text="Register"
                />
                <Blueprint3.MenuItem
                  disabled={false}
                  multiline={false}
                  onClick={[Function]}
                  popoverProps={Object {}}
                  shouldDismissPopover={true}
                  text="Log In"
                />
              </Blueprint3.Menu>,
              "defaultIsOpen": false,
              "disabled": false,
              "hasBackdrop": false,
              "hoverCloseDelay": 300,
              "hoverOpenDelay": 150,
              "inheritDarkTheme": true,
              "interactionKind": "click",
              "minimal": false,
              "modifiers": Object {},
              "openOnTargetFocus": true,
              "position": "bottom",
              "targetTagName": "span",
              "transitionDuration": 300,
              "usePortal": true,
              "wrapperTagName": "span",
            },
            "ref": null,
            "rendered": Object {
              "instance": null,
              "key": undefined,
              "nodeType": "class",
              "props": Object {
                "className": "bp3-minimal",
                "icon": "user",
                "text": "Guest",
              },
              "ref": null,
              "rendered": null,
              "type": [Function],
            },
            "type": [Function],
          },
        ],
        "type": [Function],
      },
    ],
    "type": [Function],
  },
  Symbol(enzyme.__nodes__): Array [
    Object {
      "instance": null,
      "key": undefined,
      "nodeType": "class",
      "props": Object {
        "children": Array [
          <Blueprint3.NavbarGroup
            align="left"
          >
            <Blueprint3.NavbarHeading
              onClick={[Function]}
            >
              Advertly
            </Blueprint3.NavbarHeading>
          </Blueprint3.NavbarGroup>,
          <Blueprint3.NavbarGroup
            align="right"
          >
            <Blueprint3.Button
              className="bp3-minimal"
              icon="home"
              onClick={[Function]}
              text="Home"
            />
            <Blueprint3.Button
              className="bp3-minimal"
              icon="people"
              onClick={[Function]}
              text="Users"
            />
            <Blueprint3.Popover
              boundary="scrollParent"
              captureDismiss={false}
              content={
                <Blueprint3.Menu>
                  <Blueprint3.MenuItem
                    disabled={false}
                    multiline={false}
                    onClick={[Function]}
                    popoverProps={Object {}}
                    shouldDismissPopover={true}
                    text="Register"
                  />
                  <Blueprint3.MenuItem
                    disabled={false}
                    multiline={false}
                    onClick={[Function]}
                    popoverProps={Object {}}
                    shouldDismissPopover={true}
                    text="Log In"
                  />
                </Blueprint3.Menu>
              }
              defaultIsOpen={false}
              disabled={false}
              hasBackdrop={false}
              hoverCloseDelay={300}
              hoverOpenDelay={150}
              inheritDarkTheme={true}
              interactionKind="click"
              minimal={false}
              modifiers={Object {}}
              openOnTargetFocus={true}
              position="bottom"
              targetTagName="span"
              transitionDuration={300}
              usePortal={true}
              wrapperTagName="span"
            >
              <Blueprint3.Button
                className="bp3-minimal"
                icon="user"
                text="Guest"
              />
            </Blueprint3.Popover>
          </Blueprint3.NavbarGroup>,
        ],
      },
      "ref": null,
      "rendered": Array [
        Object {
          "instance": null,
          "key": undefined,
          "nodeType": "class",
          "props": Object {
            "align": "left",
            "children": <Blueprint3.NavbarHeading
              onClick={[Function]}
            >
              Advertly
            </Blueprint3.NavbarHeading>,
          },
          "ref": null,
          "rendered": Object {
            "instance": null,
            "key": undefined,
            "nodeType": "class",
            "props": Object {
              "children": "Advertly",
              "onClick": [Function],
            },
            "ref": null,
            "rendered": "Advertly",
            "type": [Function],
          },
          "type": [Function],
        },
        Object {
          "instance": null,
          "key": undefined,
          "nodeType": "class",
          "props": Object {
            "align": "right",
            "children": Array [
              <Blueprint3.Button
                className="bp3-minimal"
                icon="home"
                onClick={[Function]}
                text="Home"
              />,
              <Blueprint3.Button
                className="bp3-minimal"
                icon="people"
                onClick={[Function]}
                text="Users"
              />,
              <Blueprint3.Popover
                boundary="scrollParent"
                captureDismiss={false}
                content={
                  <Blueprint3.Menu>
                    <Blueprint3.MenuItem
                      disabled={false}
                      multiline={false}
                      onClick={[Function]}
                      popoverProps={Object {}}
                      shouldDismissPopover={true}
                      text="Register"
                    />
                    <Blueprint3.MenuItem
                      disabled={false}
                      multiline={false}
                      onClick={[Function]}
                      popoverProps={Object {}}
                      shouldDismissPopover={true}
                      text="Log In"
                    />
                  </Blueprint3.Menu>
                }
                defaultIsOpen={false}
                disabled={false}
                hasBackdrop={false}
                hoverCloseDelay={300}
                hoverOpenDelay={150}
                inheritDarkTheme={true}
                interactionKind="click"
                minimal={false}
                modifiers={Object {}}
                openOnTargetFocus={true}
                position="bottom"
                targetTagName="span"
                transitionDuration={300}
                usePortal={true}
                wrapperTagName="span"
              >
                <Blueprint3.Button
                  className="bp3-minimal"
                  icon="user"
                  text="Guest"
                />
              </Blueprint3.Popover>,
            ],
          },
          "ref": null,
          "rendered": Array [
            Object {
              "instance": null,
              "key": undefined,
              "nodeType": "class",
              "props": Object {
                "className": "bp3-minimal",
                "icon": "home",
                "onClick": [Function],
                "text": "Home",
              },
              "ref": null,
              "rendered": null,
              "type": [Function],
            },
            Object {
              "instance": null,
              "key": undefined,
              "nodeType": "class",
              "props": Object {
                "className": "bp3-minimal",
                "icon": "people",
                "onClick": [Function],
                "text": "Users",
              },
              "ref": null,
              "rendered": null,
              "type": [Function],
            },
            Object {
              "instance": null,
              "key": undefined,
              "nodeType": "class",
              "props": Object {
                "boundary": "scrollParent",
                "captureDismiss": false,
                "children": <Blueprint3.Button
                  className="bp3-minimal"
                  icon="user"
                  text="Guest"
                />,
                "content": <Blueprint3.Menu>
                  <Blueprint3.MenuItem
                    disabled={false}
                    multiline={false}
                    onClick={[Function]}
                    popoverProps={Object {}}
                    shouldDismissPopover={true}
                    text="Register"
                  />
                  <Blueprint3.MenuItem
                    disabled={false}
                    multiline={false}
                    onClick={[Function]}
                    popoverProps={Object {}}
                    shouldDismissPopover={true}
                    text="Log In"
                  />
                </Blueprint3.Menu>,
                "defaultIsOpen": false,
                "disabled": false,
                "hasBackdrop": false,
                "hoverCloseDelay": 300,
                "hoverOpenDelay": 150,
                "inheritDarkTheme": true,
                "interactionKind": "click",
                "minimal": false,
                "modifiers": Object {},
                "openOnTargetFocus": true,
                "position": "bottom",
                "targetTagName": "span",
                "transitionDuration": 300,
                "usePortal": true,
                "wrapperTagName": "span",
              },
              "ref": null,
              "rendered": Object {
                "instance": null,
                "key": undefined,
                "nodeType": "class",
                "props": Object {
                  "className": "bp3-minimal",
                  "icon": "user",
                  "text": "Guest",
                },
                "ref": null,
                "rendered": null,
                "type": [Function],
              },
              "type": [Function],
            },
          ],
          "type": [Function],
        },
      ],
      "type": [Function],
    },
  ],
  Symbol(enzyme.__options__): Object {
    "adapter": ReactSixteenAdapter {
      "options": Object {
        "enableComponentDidUpdateOnSetState": true,
        "legacyContextMode": "parent",
        "lifecycles": Object {
          "componentDidUpdate": Object {
            "onSetState": true,
          },
          "getChildContext": Object {
            "calledByRenderer": false,
          },
          "getDerivedStateFromProps": Object {
            "hasShouldComponentUpdateBug": false,
          },
          "getSnapshotBeforeUpdate": true,
          "setState": Object {
            "skipsComponentDidUpdateOnNullish": true,
          },
        },
      },
    },
  },
}
`;
